------------------------------------------------------------
Timing Analyzer Summary
------------------------------------------------------------

Type  : Slow 1200mV 85C Model Setup 'CLOCK50'
Slack : -5.063
TNS   : -670.997

Type  : Slow 1200mV 85C Model Setup 'DebounceUnit:d_porta|s_pulsedOut'
Slack : -3.123
TNS   : -28.196

Type  : Slow 1200mV 85C Model Setup 'TimerAuxFSM:timer|s_cntZero'
Slack : -1.583
TNS   : -12.943

Type  : Slow 1200mV 85C Model Hold 'CLOCK50'
Slack : 0.584
TNS   : 0.000

Type  : Slow 1200mV 85C Model Hold 'DebounceUnit:d_porta|s_pulsedOut'
Slack : 0.799
TNS   : 0.000

Type  : Slow 1200mV 85C Model Hold 'TimerAuxFSM:timer|s_cntZero'
Slack : 0.876
TNS   : 0.000

Type  : Slow 1200mV 85C Model Minimum Pulse Width 'CLOCK50'
Slack : -3.000
TNS   : -274.135

Type  : Slow 1200mV 85C Model Minimum Pulse Width 'DebounceUnit:d_porta|s_pulsedOut'
Slack : 0.371
TNS   : 0.000

Type  : Slow 1200mV 85C Model Minimum Pulse Width 'TimerAuxFSM:timer|s_cntZero'
Slack : 0.441
TNS   : 0.000

Type  : Slow 1200mV 0C Model Setup 'CLOCK50'
Slack : -4.639
TNS   : -594.526

Type  : Slow 1200mV 0C Model Setup 'DebounceUnit:d_porta|s_pulsedOut'
Slack : -2.976
TNS   : -27.172

Type  : Slow 1200mV 0C Model Setup 'TimerAuxFSM:timer|s_cntZero'
Slack : -1.467
TNS   : -12.043

Type  : Slow 1200mV 0C Model Hold 'CLOCK50'
Slack : 0.528
TNS   : 0.000

Type  : Slow 1200mV 0C Model Hold 'DebounceUnit:d_porta|s_pulsedOut'
Slack : 0.833
TNS   : 0.000

Type  : Slow 1200mV 0C Model Hold 'TimerAuxFSM:timer|s_cntZero'
Slack : 0.846
TNS   : 0.000

Type  : Slow 1200mV 0C Model Minimum Pulse Width 'CLOCK50'
Slack : -3.000
TNS   : -274.135

Type  : Slow 1200mV 0C Model Minimum Pulse Width 'DebounceUnit:d_porta|s_pulsedOut'
Slack : 0.430
TNS   : 0.000

Type  : Slow 1200mV 0C Model Minimum Pulse Width 'TimerAuxFSM:timer|s_cntZero'
Slack : 0.436
TNS   : 0.000

Type  : Fast 1200mV 0C Model Setup 'CLOCK50'
Slack : -2.226
TNS   : -226.343

Type  : Fast 1200mV 0C Model Setup 'DebounceUnit:d_porta|s_pulsedOut'
Slack : -1.170
TNS   : -10.186

Type  : Fast 1200mV 0C Model Setup 'TimerAuxFSM:timer|s_cntZero'
Slack : -0.294
TNS   : -2.050

Type  : Fast 1200mV 0C Model Hold 'CLOCK50'
Slack : 0.268
TNS   : 0.000

Type  : Fast 1200mV 0C Model Hold 'TimerAuxFSM:timer|s_cntZero'
Slack : 0.281
TNS   : 0.000

Type  : Fast 1200mV 0C Model Hold 'DebounceUnit:d_porta|s_pulsedOut'
Slack : 0.421
TNS   : 0.000

Type  : Fast 1200mV 0C Model Minimum Pulse Width 'CLOCK50'
Slack : -3.000
TNS   : -227.080

Type  : Fast 1200mV 0C Model Minimum Pulse Width 'DebounceUnit:d_porta|s_pulsedOut'
Slack : 0.265
TNS   : 0.000

Type  : Fast 1200mV 0C Model Minimum Pulse Width 'TimerAuxFSM:timer|s_cntZero'
Slack : 0.342
TNS   : 0.000

------------------------------------------------------------
