------------------------------------------------------------
Timing Analyzer Summary
------------------------------------------------------------

Type  : Slow 1200mV 85C Model Setup 'porta'
Slack : -3.959
TNS   : -37.639

Type  : Slow 1200mV 85C Model Setup 'clk'
Slack : -3.036
TNS   : -24.576

Type  : Slow 1200mV 85C Model Setup 'startStop'
Slack : -1.189
TNS   : -10.069

Type  : Slow 1200mV 85C Model Hold 'porta'
Slack : 0.495
TNS   : 0.000

Type  : Slow 1200mV 85C Model Hold 'startStop'
Slack : 0.718
TNS   : 0.000

Type  : Slow 1200mV 85C Model Hold 'clk'
Slack : 0.923
TNS   : 0.000

Type  : Slow 1200mV 85C Model Minimum Pulse Width 'clk'
Slack : -3.000
TNS   : -18.420

Type  : Slow 1200mV 85C Model Minimum Pulse Width 'porta'
Slack : -3.000
TNS   : -3.000

Type  : Slow 1200mV 85C Model Minimum Pulse Width 'startStop'
Slack : -3.000
TNS   : -3.000

Type  : Slow 1200mV 0C Model Setup 'porta'
Slack : -3.729
TNS   : -35.338

Type  : Slow 1200mV 0C Model Setup 'clk'
Slack : -2.664
TNS   : -21.062

Type  : Slow 1200mV 0C Model Setup 'startStop'
Slack : -1.159
TNS   : -9.668

Type  : Slow 1200mV 0C Model Hold 'porta'
Slack : 0.594
TNS   : 0.000

Type  : Slow 1200mV 0C Model Hold 'startStop'
Slack : 0.761
TNS   : 0.000

Type  : Slow 1200mV 0C Model Hold 'clk'
Slack : 0.869
TNS   : 0.000

Type  : Slow 1200mV 0C Model Minimum Pulse Width 'clk'
Slack : -3.000
TNS   : -18.420

Type  : Slow 1200mV 0C Model Minimum Pulse Width 'porta'
Slack : -3.000
TNS   : -3.000

Type  : Slow 1200mV 0C Model Minimum Pulse Width 'startStop'
Slack : -3.000
TNS   : -3.000

Type  : Fast 1200mV 0C Model Setup 'clk'
Slack : -1.584
TNS   : -13.483

Type  : Fast 1200mV 0C Model Setup 'porta'
Slack : -1.491
TNS   : -13.106

Type  : Fast 1200mV 0C Model Setup 'startStop'
Slack : -0.084
TNS   : -0.448

Type  : Fast 1200mV 0C Model Hold 'porta'
Slack : -0.013
TNS   : -0.013

Type  : Fast 1200mV 0C Model Hold 'startStop'
Slack : 0.199
TNS   : 0.000

Type  : Fast 1200mV 0C Model Hold 'clk'
Slack : 0.292
TNS   : 0.000

Type  : Fast 1200mV 0C Model Minimum Pulse Width 'clk'
Slack : -3.000
TNS   : -15.640

Type  : Fast 1200mV 0C Model Minimum Pulse Width 'porta'
Slack : -3.000
TNS   : -3.000

Type  : Fast 1200mV 0C Model Minimum Pulse Width 'startStop'
Slack : -3.000
TNS   : -3.000

------------------------------------------------------------
